Copyright 1986-2022 Xilinx, Inc. All Rights Reserved. Copyright 2022-2024 Advanced Micro Devices, Inc. All Rights Reserved.
--------------------------------------------------------------------------------------------------------------------------------------------------
| Tool Version      : Vivado v.2024.2 (win64) Build 5239630 Fri Nov 08 22:35:27 MST 2024
| Date              : Mon Dec  1 16:32:45 2025
| Host              : FSO-A running 64-bit major release  (build 9200)
| Command           : report_clock_utilization -file fec_gth_loopback_top_clock_utilization_routed.rpt
| Design            : fec_gth_loopback_top
| Device            : xczu15eg-ffvb1156
| Speed File        : -2  PRODUCTION 1.30 05-15-2022
| Temperature Grade : I
| Design State      : Routed
--------------------------------------------------------------------------------------------------------------------------------------------------

Clock Utilization Report

Table of Contents
-----------------
1. Clock Primitive Utilization
2. Global Clock Resources
3. Global Clock Source Details
4. Local Clock Details
5. Clock Regions : Clock Primitives
6. Clock Regions : Load Primitives
7. Clock Regions : Global Clock Summary
8. Clock Regions : Routing Resource Utilization
9. Device Cell Placement Summary for Global Clock g0
10. Device Cell Placement Summary for Global Clock g1
11. Device Cell Placement Summary for Global Clock g2
12. Device Cell Placement Summary for Global Clock g3
13. Device Cell Placement Summary for Global Clock g4
14. Device Cell Placement Summary for Global Clock g5
15. Clock Region Cell Placement per Global Clock: Region X1Y0
16. Clock Region Cell Placement per Global Clock: Region X2Y0
17. Clock Region Cell Placement per Global Clock: Region X3Y0
18. Clock Region Cell Placement per Global Clock: Region X1Y1
19. Clock Region Cell Placement per Global Clock: Region X2Y1
20. Clock Region Cell Placement per Global Clock: Region X3Y1
21. Clock Region Cell Placement per Global Clock: Region X1Y2
22. Clock Region Cell Placement per Global Clock: Region X2Y2
23. Clock Region Cell Placement per Global Clock: Region X3Y2
24. Clock Region Cell Placement per Global Clock: Region X0Y3
25. Clock Region Cell Placement per Global Clock: Region X1Y3
26. Clock Region Cell Placement per Global Clock: Region X2Y3
27. Clock Region Cell Placement per Global Clock: Region X3Y3
28. Clock Region Cell Placement per Global Clock: Region X0Y4
29. Clock Region Cell Placement per Global Clock: Region X1Y4
30. Clock Region Cell Placement per Global Clock: Region X2Y4
31. Clock Region Cell Placement per Global Clock: Region X3Y4
32. Clock Region Cell Placement per Global Clock: Region X0Y5
33. Clock Region Cell Placement per Global Clock: Region X1Y5
34. Clock Region Cell Placement per Global Clock: Region X2Y5
35. Clock Region Cell Placement per Global Clock: Region X3Y5
36. Clock Region Cell Placement per Global Clock: Region X0Y6
37. Clock Region Cell Placement per Global Clock: Region X1Y6
38. Clock Region Cell Placement per Global Clock: Region X2Y6
39. Clock Region Cell Placement per Global Clock: Region X3Y6

1. Clock Primitive Utilization
------------------------------

+------------+------+-----------+-----+--------------+--------+
| Type       | Used | Available | LOC | Clock Region | Pblock |
+------------+------+-----------+-----+--------------+--------+
| BUFGCE     |    4 |       116 |   0 |            0 |      0 |
| BUFGCE_DIV |    0 |        16 |   0 |            0 |      0 |
| BUFGCTRL   |    0 |        32 |   0 |            0 |      0 |
| BUFG_GT    |    2 |       168 |   0 |            0 |      0 |
| BUFG_PS    |    0 |        72 |   0 |            0 |      0 |
| MMCM       |    1 |         4 |   0 |            0 |      0 |
| PLL        |    0 |         8 |   0 |            0 |      0 |
+------------+------+-----------+-----+--------------+--------+


2. Global Clock Resources
-------------------------

+-----------+-----------+-----------------+------------+---------------+--------------+------+-------------------+------------------+-------------------+-------------+-----------------+--------------+-----------------------------------------------------------------------------------------------------+------------------------------------------------------------------------------------------+----------------------------------------------------------------------+
| Global Id | Source Id | Driver Type/Pin | Constraint | Site          | Clock Region | Root | Clock Delay Group | Clock Low Fanout | Load Clock Region | Clock Loads | Non-Clock Loads | Clock Period | Clock                                                                                               | Driver Pin                                                                               | Net                                                                  |
+-----------+-----------+-----------------+------------+---------------+--------------+------+-------------------+------------------+-------------------+-------------+-----------------+--------------+-----------------------------------------------------------------------------------------------------+------------------------------------------------------------------------------------------+----------------------------------------------------------------------+
| g0        | src0      | BUFGCE/O        | None       | BUFGCE_X0Y22  | X3Y0         | X1Y3 |                   |                  |                25 |       30697 |               0 |       10.000 | clk_out2_clk_wiz_sys                                                                                | u_clk_wiz/inst/clkout2_buf/O                                                             | u_clk_wiz/inst/clk_out2                                              |
| g1        | src1      | BUFG_GT/O       | None       | BUFG_GT_X1Y41 | X3Y4         | X2Y2 |                   |                  |                 2 |         655 |               0 |              |                                                                                                     | u_gth_raw/u_bufg_tx/O                                                                    | u_gth_raw/o_tx_clk                                                   |
| g2        | src2      | BUFG_GT/O       | None       | BUFG_GT_X1Y30 | X3Y4         | X2Y2 |                   |                  |                 3 |         521 |               0 |              |                                                                                                     | u_gth_raw/u_bufg_rx/O                                                                    | u_gth_raw/o_rx_clk                                                   |
| g3        | src3      | BUFGCE/O        | None       | BUFGCE_X0Y92  | X3Y3         | X3Y2 |                   |                  |                 4 |         477 |               0 |       50.000 | dbg_hub/inst/BSCANID.u_xsdbm_id/SWITCH_N_EXT_BSCAN.bscan_inst/SERIES7_BSCAN.bscan_inst/INTERNAL_TCK | dbg_hub/inst/BSCANID.u_xsdbm_id/SWITCH_N_EXT_BSCAN.u_bufg_icon_tck/O                     | dbg_hub/inst/BSCANID.u_xsdbm_id/itck_i                               |
| g4        | src4      | BUFGCE/O        | None       | BUFGCE_X0Y23  | X3Y0         | X2Y2 |                   |                  |                 4 |         359 |               0 |       64.000 | clk_out1_clk_wiz_sys                                                                                | u_clk_wiz/inst/clkout1_buf/O                                                             | u_clk_wiz/inst/clk_out1                                              |
| g5        | src5      | BUFGCE/O        | None       | BUFGCE_X0Y74  | X3Y3         | X3Y3 | n/a               |                  |                 2 |           0 |            2167 |          n/a | n/a                                                                                                 | u_ber_calc/U0/i_synth/i_has_aresetn.i_reg_reset/opt_has_pipe.first_q_reg[0]_bufg_place/O | u_ber_calc/U0/i_synth/i_has_aresetn.i_reg_reset/opt_has_pipe.first_q |
+-----------+-----------+-----------------+------------+---------------+--------------+------+-------------------+------------------+-------------------+-------------+-----------------+--------------+-----------------------------------------------------------------------------------------------------+------------------------------------------------------------------------------------------+----------------------------------------------------------------------+
* Clock Loads column represents cell count of net connects that connect to a clock pin. Internal cell leaf pins are not considered
** Non-Clock Loads column represents cell count of non-clock pin loads


3. Global Clock Source Details
------------------------------

+-----------+-----------+------------------------+--------------------+--------------------+--------------+-------------+-----------------+---------------------+-----------------------------------------------------------------------------------------------------+-----------------------------------------------------------------------------------------------------------------------------------------------------------------------------------------------------------------------------------------------------------------------------+----------------------------------------------------------------------------------------------------------------------------------------------------------------------------------------------------------------+
| Source Id | Global Id | Driver Type/Pin        | Constraint         | Site               | Clock Region | Clock Loads | Non-Clock Loads | Source Clock Period | Source Clock                                                                                        | Driver Pin                                                                                                                                                                                                                                                                  | Net                                                                                                                                                                                                            |
+-----------+-----------+------------------------+--------------------+--------------------+--------------+-------------+-----------------+---------------------+-----------------------------------------------------------------------------------------------------+-----------------------------------------------------------------------------------------------------------------------------------------------------------------------------------------------------------------------------------------------------------------------------+----------------------------------------------------------------------------------------------------------------------------------------------------------------------------------------------------------------+
| src0      | g0        | MMCME4_ADV/CLKOUT1     | None               | MMCM_X0Y0          | X3Y0         |           1 |               0 |              10.000 | clk_out2_clk_wiz_sys                                                                                | u_clk_wiz/inst/mmcme4_adv_inst/CLKOUT1                                                                                                                                                                                                                                      | u_clk_wiz/inst/clk_out2_clk_wiz_sys                                                                                                                                                                            |
| src1      | g1        | GTHE4_CHANNEL/TXOUTCLK | GTHE4_CHANNEL_X1Y6 | GTHE4_CHANNEL_X1Y6 | X3Y4         |           2 |               0 |                     |                                                                                                     | u_gth_raw/u_gth/inst/gen_gtwizard_gthe4_top.gtwizard_ultrascale_0_gtwizard_gthe4_inst/gen_gtwizard_gthe4.gen_channel_container[25].gen_enabled_channel.gthe4_channel_wrapper_inst/channel_inst/gthe4_channel_gen.gen_gthe4_channel_inst[0].GTHE4_CHANNEL_PRIM_INST/TXOUTCLK | u_gth_raw/u_gth/inst/gen_gtwizard_gthe4_top.gtwizard_ultrascale_0_gtwizard_gthe4_inst/gen_gtwizard_gthe4.gen_channel_container[25].gen_enabled_channel.gthe4_channel_wrapper_inst/channel_inst/txoutclk_out[0] |
| src2      | g2        | GTHE4_CHANNEL/RXOUTCLK | GTHE4_CHANNEL_X1Y6 | GTHE4_CHANNEL_X1Y6 | X3Y4         |           2 |               0 |                     |                                                                                                     | u_gth_raw/u_gth/inst/gen_gtwizard_gthe4_top.gtwizard_ultrascale_0_gtwizard_gthe4_inst/gen_gtwizard_gthe4.gen_channel_container[25].gen_enabled_channel.gthe4_channel_wrapper_inst/channel_inst/gthe4_channel_gen.gen_gthe4_channel_inst[0].GTHE4_CHANNEL_PRIM_INST/RXOUTCLK | u_gth_raw/u_gth/inst/gen_gtwizard_gthe4_top.gtwizard_ultrascale_0_gtwizard_gthe4_inst/gen_gtwizard_gthe4.gen_channel_container[25].gen_enabled_channel.gthe4_channel_wrapper_inst/channel_inst/rxoutclk_out[0] |
| src3      | g3        | BSCANE2/TCK            | None               | CONFIG_SITE_X0Y0   | X3Y1         |           1 |               0 |              50.000 | dbg_hub/inst/BSCANID.u_xsdbm_id/SWITCH_N_EXT_BSCAN.bscan_inst/SERIES7_BSCAN.bscan_inst/INTERNAL_TCK | dbg_hub/inst/BSCANID.u_xsdbm_id/SWITCH_N_EXT_BSCAN.bscan_inst/SERIES7_BSCAN.bscan_inst/TCK                                                                                                                                                                                  | dbg_hub/inst/BSCANID.u_xsdbm_id/SWITCH_N_EXT_BSCAN.bscan_inst/TCK                                                                                                                                              |
| src4      | g4        | MMCME4_ADV/CLKOUT0     | None               | MMCM_X0Y0          | X3Y0         |           1 |               0 |              64.000 | clk_out1_clk_wiz_sys                                                                                | u_clk_wiz/inst/mmcme4_adv_inst/CLKOUT0                                                                                                                                                                                                                                      | u_clk_wiz/inst/clk_out1_clk_wiz_sys                                                                                                                                                                            |
| src5      | g5        | FDRE/Q                 | None               | SLICE_X71Y265      | X2Y4         |           1 |               0 |                     |                                                                                                     | u_ber_calc/U0/i_synth/i_has_aresetn.i_reg_reset/opt_has_pipe.first_q_reg[0]/Q                                                                                                                                                                                               | u_ber_calc/U0/i_synth/i_has_aresetn.i_reg_reset/opt_has_pipe.first_q_bufg_place                                                                                                                                |
+-----------+-----------+------------------------+--------------------+--------------------+--------------+-------------+-----------------+---------------------+-----------------------------------------------------------------------------------------------------+-----------------------------------------------------------------------------------------------------------------------------------------------------------------------------------------------------------------------------------------------------------------------------+----------------------------------------------------------------------------------------------------------------------------------------------------------------------------------------------------------------+
* Clock Loads column represents cell count of net connects that connect to a clock pin. Internal cell leaf pins are not considered
** Non-Clock Loads column represents cell count of non-clock pin loads


4. Local Clock Details
----------------------

+----------+---------------------------+--------------------+----------------------------------+--------------+-------------+-----------------+--------------+-------+--------------------------------------------------------------------------------------------------------------------------------------------------------------------------------------------------------------------------------------------------------------------------------+-------------------------------------------------------------------------------------------------------------------------------------------------------------------------------------------------------------------+
| Local Id | Driver Type/Pin           | Constraint         | Site/BEL                         | Clock Region | Clock Loads | Non-Clock Loads | Clock Period | Clock | Driver Pin                                                                                                                                                                                                                                                                     | Net                                                                                                                                                                                                               |
+----------+---------------------------+--------------------+----------------------------------+--------------+-------------+-----------------+--------------+-------+--------------------------------------------------------------------------------------------------------------------------------------------------------------------------------------------------------------------------------------------------------------------------------+-------------------------------------------------------------------------------------------------------------------------------------------------------------------------------------------------------------------+
| 0        | GTHE4_CHANNEL/RXOUTCLKPCS | GTHE4_CHANNEL_X1Y6 | GTHE4_CHANNEL_X1Y6/GTHE4_CHANNEL | X3Y4         |          15 |               0 |              |       | u_gth_raw/u_gth/inst/gen_gtwizard_gthe4_top.gtwizard_ultrascale_0_gtwizard_gthe4_inst/gen_gtwizard_gthe4.gen_channel_container[25].gen_enabled_channel.gthe4_channel_wrapper_inst/channel_inst/gthe4_channel_gen.gen_gthe4_channel_inst[0].GTHE4_CHANNEL_PRIM_INST/RXOUTCLKPCS | u_gth_raw/u_gth/inst/gen_gtwizard_gthe4_top.gtwizard_ultrascale_0_gtwizard_gthe4_inst/gen_gtwizard_gthe4.gen_channel_container[25].gen_enabled_channel.gthe4_channel_wrapper_inst/channel_inst/rxoutclkpcs_out[0] |
+----------+---------------------------+--------------------+----------------------------------+--------------+-------------+-----------------+--------------+-------+--------------------------------------------------------------------------------------------------------------------------------------------------------------------------------------------------------------------------------------------------------------------------------+-------------------------------------------------------------------------------------------------------------------------------------------------------------------------------------------------------------------+
* Local Clocks in this context represents only clocks driven by non-global buffers
** Clock Loads column represents cell count of net connects that connect to a clock pin. Internal cell leaf pins are not considered
*** Non-Clock Loads column represents cell count of non-clock pin loads


5. Clock Regions : Clock Primitives
-----------------------------------

+-------------------+---------------+---------------+---------------+---------------+---------------+---------------+---------------+---------------+
|                   |  Global Clock |     BUFGCE    |   BUFGCE_DIV  |    BUFGCTRL   |    BUFG_GT    |    BUFG_PS    |      MMCM     |      PLL      |
+-------------------+-------+-------+-------+-------+-------+-------+-------+-------+-------+-------+-------+-------+-------+-------+-------+-------+
| Clock Region Name | Used  | Avail | Used  | Avail | Used  | Avail | Used  | Avail | Used  | Avail | Used  | Avail | Used  | Avail | Used  | Avail |
+-------------------+-------+-------+-------+-------+-------+-------+-------+-------+-------+-------+-------+-------+-------+-------+-------+-------+
| X0Y0              |     0 |     0 |     0 |     0 |     0 |     0 |     0 |     0 |     0 |     0 |     0 |     0 |     0 |     0 |     0 |     0 |
| X1Y0              |     4 |    24 |     0 |     0 |     0 |     0 |     0 |     0 |     0 |     0 |     0 |    24 |     0 |     0 |     0 |     0 |
| X2Y0              |     4 |    24 |     0 |     0 |     0 |     0 |     0 |     0 |     0 |     0 |     0 |     0 |     0 |     0 |     0 |     0 |
| X3Y0              |     1 |    24 |     2 |    28 |     0 |     4 |     0 |     8 |     0 |     0 |     0 |     0 |     1 |     1 |     0 |     2 |
| X0Y1              |     0 |     0 |     0 |     0 |     0 |     0 |     0 |     0 |     0 |     0 |     0 |     0 |     0 |     0 |     0 |     0 |
| X1Y1              |     2 |    24 |     0 |     0 |     0 |     0 |     0 |     0 |     0 |     0 |     0 |    24 |     0 |     0 |     0 |     0 |
| X2Y1              |     2 |    24 |     0 |     0 |     0 |     0 |     0 |     0 |     0 |     0 |     0 |     0 |     0 |     0 |     0 |     0 |
| X3Y1              |     2 |    24 |     0 |    24 |     0 |     4 |     0 |     8 |     0 |     0 |     0 |     0 |     0 |     1 |     0 |     2 |
| X0Y2              |     0 |     0 |     0 |     0 |     0 |     0 |     0 |     0 |     0 |     0 |     0 |     0 |     0 |     0 |     0 |     0 |
| X1Y2              |     1 |    24 |     0 |     0 |     0 |     0 |     0 |     0 |     0 |     0 |     0 |    24 |     0 |     0 |     0 |     0 |
| X2Y2              |     1 |    24 |     0 |     0 |     0 |     0 |     0 |     0 |     0 |     0 |     0 |     0 |     0 |     0 |     0 |     0 |
| X3Y2              |     2 |    24 |     0 |    24 |     0 |     4 |     0 |     8 |     0 |     0 |     0 |     0 |     0 |     1 |     0 |     2 |
| X0Y3              |     1 |    24 |     0 |     0 |     0 |     0 |     0 |     0 |     0 |    24 |     0 |     0 |     0 |     0 |     0 |     0 |
| X1Y3              |     1 |    24 |     0 |     0 |     0 |     0 |     0 |     0 |     0 |     0 |     0 |     0 |     0 |     0 |     0 |     0 |
| X2Y3              |     2 |    24 |     0 |     0 |     0 |     0 |     0 |     0 |     0 |     0 |     0 |     0 |     0 |     0 |     0 |     0 |
| X3Y3              |     3 |    24 |     2 |    28 |     0 |     4 |     0 |     8 |     0 |     0 |     0 |     0 |     0 |     1 |     0 |     2 |
| X0Y4              |     2 |    24 |     0 |     0 |     0 |     0 |     0 |     0 |     0 |    24 |     0 |     0 |     0 |     0 |     0 |     0 |
| X1Y4              |     2 |    24 |     0 |     0 |     0 |     0 |     0 |     0 |     0 |     0 |     0 |     0 |     0 |     0 |     0 |     0 |
| X2Y4              |     5 |    24 |     0 |     0 |     0 |     0 |     0 |     0 |     0 |     0 |     0 |     0 |     0 |     0 |     0 |     0 |
| X3Y4              |     6 |    24 |     0 |     4 |     0 |     0 |     0 |     0 |     2 |    24 |     0 |     0 |     0 |     0 |     0 |     0 |
| X0Y5              |     1 |    24 |     0 |     0 |     0 |     0 |     0 |     0 |     0 |    24 |     0 |     0 |     0 |     0 |     0 |     0 |
| X1Y5              |     1 |    24 |     0 |     0 |     0 |     0 |     0 |     0 |     0 |     0 |     0 |     0 |     0 |     0 |     0 |     0 |
| X2Y5              |     1 |    24 |     0 |     0 |     0 |     0 |     0 |     0 |     0 |     0 |     0 |     0 |     0 |     0 |     0 |     0 |
| X3Y5              |     1 |    24 |     0 |     4 |     0 |     0 |     0 |     0 |     0 |    24 |     0 |     0 |     0 |     0 |     0 |     0 |
| X0Y6              |     1 |    24 |     0 |     0 |     0 |     0 |     0 |     0 |     0 |    24 |     0 |     0 |     0 |     0 |     0 |     0 |
| X1Y6              |     1 |    24 |     0 |     0 |     0 |     0 |     0 |     0 |     0 |     0 |     0 |     0 |     0 |     0 |     0 |     0 |
| X2Y6              |     1 |    24 |     0 |     0 |     0 |     0 |     0 |     0 |     0 |     0 |     0 |     0 |     0 |     0 |     0 |     0 |
| X3Y6              |     1 |    24 |     0 |     4 |     0 |     0 |     0 |     0 |     0 |    24 |     0 |     0 |     0 |     0 |     0 |     0 |
+-------------------+-------+-------+-------+-------+-------+-------+-------+-------+-------+-------+-------+-------+-------+-------+-------+-------+
* Global Clock column represents track count; while other columns represents cell counts


6. Clock Regions : Load Primitives
----------------------------------

+-------------------+------------------+------------------+------------------+------------------+------------------+------------------+------------------+------------------+
|                   |   Global Clock   |        FF        |      LUTRAM      |  Block RAM (18K) |       URAM       |        DSP       |        GT        |      HARD IP     |
+-------------------+--------+---------+--------+---------+--------+---------+--------+---------+--------+---------+--------+---------+--------+---------+--------+---------+
| Clock Region Name | Used   | Avail   | Used   | Avail   | Used   | Avail   | Used   | Avail   | Used   | Avail   | Used   | Avail   | Used   | Avail   | Used   | Avail   |
+-------------------+--------+---------+--------+---------+--------+---------+--------+---------+--------+---------+--------+---------+--------+---------+--------+---------+
| X0Y0              |      0 |       0 |      0 |       0 |      0 |       0 |      0 |       0 |      0 |       0 |      0 |       0 |      0 |       0 |      0 |       0 |
| X1Y0              |      4 |      24 |   1081 |   24000 |     43 |    6720 |     38 |      48 |      0 |      16 |      0 |     144 |      0 |       0 |      0 |       0 |
| X2Y0              |      4 |      24 |      0 |   31680 |      0 |    8160 |     32 |      48 |      0 |       0 |      0 |     168 |      0 |       0 |      0 |       0 |
| X3Y0              |      1 |      24 |      0 |   22080 |      0 |    6240 |     32 |      48 |      0 |       0 |      0 |      96 |      0 |       0 |      0 |       0 |
| X0Y1              |      0 |       0 |      0 |       0 |      0 |       0 |      0 |       0 |      0 |       0 |      0 |       0 |      0 |       0 |      0 |       0 |
| X1Y1              |      2 |      24 |     21 |   24000 |      9 |    6720 |     48 |      48 |      0 |      16 |      0 |     144 |      0 |       0 |      0 |       0 |
| X2Y1              |      2 |      24 |      0 |   31680 |      0 |    8160 |     28 |      48 |      0 |       0 |      0 |     168 |      0 |       0 |      0 |       0 |
| X3Y1              |      2 |      24 |    145 |   22080 |      0 |    6240 |     16 |      48 |      0 |       0 |      0 |      96 |      0 |       0 |      0 |       0 |
| X0Y2              |      0 |       0 |      0 |       0 |      0 |       0 |      0 |       0 |      0 |       0 |      0 |       0 |      0 |       0 |      0 |       0 |
| X1Y2              |      1 |      24 |     67 |   24000 |      1 |    6720 |     48 |      48 |      0 |      16 |      0 |     144 |      0 |       0 |      0 |       0 |
| X2Y2              |      1 |      24 |      1 |   31680 |      0 |    8160 |     42 |      48 |      0 |       0 |      0 |     168 |      0 |       0 |      0 |       0 |
| X3Y2              |      2 |      24 |    393 |   22080 |      0 |    6240 |     32 |      48 |      0 |       0 |      0 |      96 |      0 |       0 |      0 |       0 |
| X0Y3              |      1 |      24 |      0 |   27840 |      0 |    7200 |     78 |      96 |      0 |       0 |      0 |     144 |      0 |       4 |      0 |       0 |
| X1Y3              |      1 |      24 |    363 |   30720 |      4 |    8640 |     72 |      72 |      0 |      16 |      0 |     168 |      0 |       0 |      0 |       0 |
| X2Y3              |      2 |      24 |      3 |   31680 |      0 |    8160 |     48 |      48 |      0 |       0 |      0 |     168 |      0 |       0 |      0 |       0 |
| X3Y3              |      3 |      24 |   2324 |   22080 |     71 |    6240 |     34 |      48 |      0 |       0 |      0 |      96 |      0 |       0 |      0 |       0 |
| X0Y4              |      2 |      24 |    592 |   27840 |      7 |    7200 |     84 |      96 |      0 |       0 |      0 |     144 |      0 |       4 |      0 |       0 |
| X1Y4              |      2 |      24 |   4634 |   30720 |    272 |    8640 |     69 |      72 |      0 |      16 |      0 |     168 |      0 |       0 |      0 |       0 |
| X2Y4              |      5 |      24 |     10 |   31680 |      0 |    8160 |     42 |      48 |      0 |       0 |      0 |     168 |      0 |       0 |      0 |       0 |
| X3Y4              |      6 |      24 |   4534 |   22080 |    154 |    6240 |     46 |      48 |      0 |       0 |      0 |      96 |      1 |       4 |      0 |       0 |
| X0Y5              |      1 |      24 |      0 |   27840 |      0 |    7200 |     62 |      96 |      0 |       0 |      0 |     144 |      0 |       4 |      0 |       0 |
| X1Y5              |      1 |      24 |    207 |   30720 |      0 |    8640 |     56 |      72 |      0 |      16 |      0 |     168 |      0 |       0 |      0 |       0 |
| X2Y5              |      1 |      24 |   3566 |   31680 |      0 |    8160 |     32 |      48 |      0 |       0 |      0 |     168 |      0 |       0 |      0 |       0 |
| X3Y5              |      1 |      24 |   4633 |   22080 |      0 |    6240 |     28 |      48 |      0 |       0 |      0 |      96 |      0 |       4 |      0 |       0 |
| X0Y6              |      1 |      24 |      0 |   27840 |      0 |    7200 |     48 |      96 |      0 |       0 |      0 |     144 |      0 |       4 |      0 |       0 |
| X1Y6              |      1 |      24 |      0 |   30720 |      0 |    8640 |     54 |      72 |      0 |      16 |      0 |     168 |      0 |       0 |      0 |       0 |
| X2Y6              |      1 |      24 |   3573 |   31680 |      0 |    8160 |     32 |      48 |      0 |       0 |      0 |     168 |      0 |       0 |      0 |       0 |
| X3Y6              |      1 |      24 |   5132 |   22080 |      0 |    6240 |     16 |      48 |      0 |       0 |      0 |      96 |      0 |       4 |      0 |       0 |
+-------------------+--------+---------+--------+---------+--------+---------+--------+---------+--------+---------+--------+---------+--------+---------+--------+---------+
* Global Clock column represents track count; while other columns represents cell counts


7. Clock Regions : Global Clock Summary
---------------------------------------

All Modules
+----+----+----+----+----+
|    | X0 | X1 | X2 | X3 |
+----+----+----+----+----+
| Y6 |  1 |  1 |  1 |  1 |
| Y5 |  1 |  1 |  1 |  1 |
| Y4 |  2 |  2 |  5 |  6 |
| Y3 |  1 |  1 |  4 |  4 |
| Y2 |  0 |  1 |  4 |  2 |
| Y1 |  0 |  2 |  4 |  2 |
| Y0 |  0 |  4 |  4 |  2 |
+----+----+----+----+----+


8. Clock Regions : Routing Resource Utilization
-----------------------------------------------

All Modules
+-------------------+----------------------+----------------------+----------------------+----------------------+
|                   |        HROUTES       |        HDISTRS       |        VROUTES       |        VDISTRS       |
+-------------------+------+-------+-------+------+-------+-------+------+-------+-------+------+-------+-------+
| Clock Region Name | Used | Avail | Util% | Used | Avail | Util% | Used | Avail | Util% | Used | Avail | Util% |
+-------------------+------+-------+-------+------+-------+-------+------+-------+-------+------+-------+-------+
| X0Y0              |    0 |     0 |  0.00 |    0 |     0 |  0.00 |    0 |     0 |  0.00 |    0 |     0 |  0.00 |
| X1Y0              |    1 |    24 |  4.17 |    4 |    24 | 16.67 |    0 |    24 |  0.00 |    1 |    24 |  4.17 |
| X2Y0              |    3 |    24 | 12.50 |    4 |    24 | 16.67 |    0 |    24 |  0.00 |    3 |    24 | 12.50 |
| X3Y0              |    4 |    24 | 16.67 |    1 |    24 |  4.17 |    0 |    24 |  0.00 |    0 |    24 |  0.00 |
| X0Y1              |    0 |     0 |  0.00 |    0 |     0 |  0.00 |    0 |     0 |  0.00 |    0 |     0 |  0.00 |
| X1Y1              |    0 |    24 |  0.00 |    2 |    24 |  8.33 |    1 |    24 |  4.17 |    1 |    24 |  4.17 |
| X2Y1              |    0 |    24 |  0.00 |    2 |    24 |  8.33 |    1 |    24 |  4.17 |    3 |    24 | 12.50 |
| X3Y1              |    0 |    24 |  0.00 |    2 |    24 |  8.33 |    0 |    24 |  0.00 |    1 |    24 |  4.17 |
| X0Y2              |    0 |     0 |  0.00 |    0 |     0 |  0.00 |    0 |     0 |  0.00 |    0 |     0 |  0.00 |
| X1Y2              |    0 |    24 |  0.00 |    1 |    24 |  4.17 |    1 |    24 |  4.17 |    1 |    24 |  4.17 |
| X2Y2              |    0 |    24 |  0.00 |    1 |    24 |  4.17 |    3 |    24 | 12.50 |    3 |    24 | 12.50 |
| X3Y2              |    0 |    24 |  0.00 |    2 |    24 |  8.33 |    1 |    24 |  4.17 |    1 |    24 |  4.17 |
| X0Y3              |    0 |    24 |  0.00 |    1 |    24 |  4.17 |    0 |    24 |  0.00 |    0 |    24 |  0.00 |
| X1Y3              |    0 |    24 |  0.00 |    1 |    24 |  4.17 |    1 |    24 |  4.17 |    1 |    24 |  4.17 |
| X2Y3              |    0 |    24 |  0.00 |    2 |    24 |  8.33 |    2 |    24 |  8.33 |    3 |    24 | 12.50 |
| X3Y3              |    3 |    24 | 12.50 |    3 |    24 | 12.50 |    1 |    24 |  4.17 |    2 |    24 |  8.33 |
| X0Y4              |    0 |    24 |  0.00 |    2 |    24 |  8.33 |    0 |    24 |  0.00 |    0 |    24 |  0.00 |
| X1Y4              |    0 |    24 |  0.00 |    2 |    24 |  8.33 |    0 |    24 |  0.00 |    1 |    24 |  4.17 |
| X2Y4              |    3 |    24 | 12.50 |    5 |    24 | 20.83 |    2 |    24 |  8.33 |    0 |    24 |  0.00 |
| X3Y4              |    4 |    24 | 16.67 |    6 |    24 | 25.00 |    0 |    24 |  0.00 |    0 |    24 |  0.00 |
| X0Y5              |    0 |    24 |  0.00 |    1 |    24 |  4.17 |    0 |    24 |  0.00 |    0 |    24 |  0.00 |
| X1Y5              |    0 |    24 |  0.00 |    1 |    24 |  4.17 |    0 |    24 |  0.00 |    1 |    24 |  4.17 |
| X2Y5              |    0 |    24 |  0.00 |    1 |    24 |  4.17 |    0 |    24 |  0.00 |    0 |    24 |  0.00 |
| X3Y5              |    0 |    24 |  0.00 |    1 |    24 |  4.17 |    0 |    24 |  0.00 |    0 |    24 |  0.00 |
| X0Y6              |    0 |    24 |  0.00 |    1 |    24 |  4.17 |    0 |    24 |  0.00 |    0 |    24 |  0.00 |
| X1Y6              |    0 |    24 |  0.00 |    1 |    24 |  4.17 |    0 |    24 |  0.00 |    0 |    24 |  0.00 |
| X2Y6              |    0 |    24 |  0.00 |    1 |    24 |  4.17 |    0 |    24 |  0.00 |    0 |    24 |  0.00 |
| X3Y6              |    0 |    24 |  0.00 |    1 |    24 |  4.17 |    0 |    24 |  0.00 |    0 |    24 |  0.00 |
+-------------------+------+-------+-------+------+-------+-------+------+-------+-------+------+-------+-------+


9. Device Cell Placement Summary for Global Clock g0
----------------------------------------------------

+-----------+-----------------+-------------------+----------------------+-------------+---------------+----------+-------------+----------+----------------+----------+-------------------------+
| Global Id | Driver Type/Pin | Driver Region (D) | Clock                | Period (ns) | Waveform (ns) | Root (R) | Slice Loads | IO Loads | Clocking Loads | GT Loads | Net                     |
+-----------+-----------------+-------------------+----------------------+-------------+---------------+----------+-------------+----------+----------------+----------+-------------------------+
| g0        | BUFGCE/O        | X3Y0              | clk_out2_clk_wiz_sys |      10.000 | {0.000 5.000} | X1Y3     |       30389 |        0 |              0 |        0 | u_clk_wiz/inst/clk_out2 |
+-----------+-----------------+-------------------+----------------------+-------------+---------------+----------+-------------+----------+----------------+----------+-------------------------+
* Slice Loads column represents load cell count of all cell types other than IO, GT and clock resources
** IO Loads column represents load cell count of IO types
*** Clocking Loads column represents load cell count that are clock resources (global clock buffer, MMCM, PLL, etc)
**** GT Loads column represents load cell count of GT types


+----+------+---------+-------+---------+-----------------------+
|    | X0   | X1      | X2    | X3      | HORIZONTAL PROG DELAY |
+----+------+---------+-------+---------+-----------------------+
| Y6 |   24 |      27 |  3589 |    5140 |                     1 |
| Y5 |   31 |     235 |  3582 |    4647 |                     2 |
| Y4 |  641 |    4942 |    22 |    3395 |                     3 |
| Y3 |   39 | (R) 404 |    27 |    1901 |                     3 |
| Y2 |    0 |      92 |    22 |     395 |                     2 |
| Y1 |    0 |      51 |    14 |       8 |                     1 |
| Y0 |    0 |    1129 |    16 |  (D) 16 |                     0 |
+----+------+---------+-------+---------+-----------------------+


10. Device Cell Placement Summary for Global Clock g1
-----------------------------------------------------

+-----------+-----------------+-------------------+-------+-------------+---------------+----------+-------------+----------+----------------+----------+--------------------+
| Global Id | Driver Type/Pin | Driver Region (D) | Clock | Period (ns) | Waveform (ns) | Root (R) | Slice Loads | IO Loads | Clocking Loads | GT Loads | Net                |
+-----------+-----------------+-------------------+-------+-------------+---------------+----------+-------------+----------+----------------+----------+--------------------+
| g1        | BUFG_GT/O       | X3Y4              |       |             |               | X2Y2     |         654 |        0 |              0 |        1 | u_gth_raw/o_tx_clk |
+-----------+-----------------+-------------------+-------+-------------+---------------+----------+-------------+----------+----------------+----------+--------------------+
* Slice Loads column represents load cell count of all cell types other than IO, GT and clock resources
** IO Loads column represents load cell count of IO types
*** Clocking Loads column represents load cell count that are clock resources (global clock buffer, MMCM, PLL, etc)
**** GT Loads column represents load cell count of GT types


+----+----+----+-------+----------+-----------------------+
|    | X0 | X1 | X2    | X3       | HORIZONTAL PROG DELAY |
+----+----+----+-------+----------+-----------------------+
| Y6 |  0 |  0 |     0 |        0 |                     - |
| Y5 |  0 |  0 |     0 |        0 |                     - |
| Y4 |  0 |  0 |     0 |  (D) 649 |                     1 |
| Y3 |  0 |  0 |     0 |        0 |                     - |
| Y2 |  0 |  0 | (R) 0 |        0 |                     - |
| Y1 |  0 |  0 |     0 |        0 |                     - |
| Y0 |  0 |  6 |     0 |        0 |                     0 |
+----+----+----+-------+----------+-----------------------+


11. Device Cell Placement Summary for Global Clock g2
-----------------------------------------------------

+-----------+-----------------+-------------------+-------+-------------+---------------+----------+-------------+----------+----------------+----------+--------------------+
| Global Id | Driver Type/Pin | Driver Region (D) | Clock | Period (ns) | Waveform (ns) | Root (R) | Slice Loads | IO Loads | Clocking Loads | GT Loads | Net                |
+-----------+-----------------+-------------------+-------+-------------+---------------+----------+-------------+----------+----------------+----------+--------------------+
| g2        | BUFG_GT/O       | X3Y4              |       |             |               | X2Y2     |         520 |        0 |              0 |        1 | u_gth_raw/o_rx_clk |
+-----------+-----------------+-------------------+-------+-------------+---------------+----------+-------------+----------+----------------+----------+--------------------+
* Slice Loads column represents load cell count of all cell types other than IO, GT and clock resources
** IO Loads column represents load cell count of IO types
*** Clocking Loads column represents load cell count that are clock resources (global clock buffer, MMCM, PLL, etc)
**** GT Loads column represents load cell count of GT types


+----+----+----+-------+--------+-----------------------+
|    | X0 | X1 | X2    | X3     | HORIZONTAL PROG DELAY |
+----+----+----+-------+--------+-----------------------+
| Y6 |  0 |  0 |     0 |      0 |                     - |
| Y5 |  0 |  0 |     0 |      0 |                     - |
| Y4 |  0 |  0 |     0 |  (D) 1 |                     1 |
| Y3 |  0 |  0 |     0 |    514 |                     2 |
| Y2 |  0 |  0 | (R) 0 |      0 |                     - |
| Y1 |  0 |  0 |     0 |      0 |                     - |
| Y0 |  0 |  6 |     0 |      0 |                     0 |
+----+----+----+-------+--------+-----------------------+


12. Device Cell Placement Summary for Global Clock g3
-----------------------------------------------------

+-----------+-----------------+-------------------+-----------------------------------------------------------------------------------------------------+-------------+----------------+----------+-------------+----------+----------------+----------+----------------------------------------+
| Global Id | Driver Type/Pin | Driver Region (D) | Clock                                                                                               | Period (ns) | Waveform (ns)  | Root (R) | Slice Loads | IO Loads | Clocking Loads | GT Loads | Net                                    |
+-----------+-----------------+-------------------+-----------------------------------------------------------------------------------------------------+-------------+----------------+----------+-------------+----------+----------------+----------+----------------------------------------+
| g3        | BUFGCE/O        | X3Y3              | dbg_hub/inst/BSCANID.u_xsdbm_id/SWITCH_N_EXT_BSCAN.bscan_inst/SERIES7_BSCAN.bscan_inst/INTERNAL_TCK |      50.000 | {0.000 25.000} | X3Y2     |         477 |        0 |              0 |        0 | dbg_hub/inst/BSCANID.u_xsdbm_id/itck_i |
+-----------+-----------------+-------------------+-----------------------------------------------------------------------------------------------------+-------------+----------------+----------+-------------+----------+----------------+----------+----------------------------------------+
* Slice Loads column represents load cell count of all cell types other than IO, GT and clock resources
** IO Loads column represents load cell count of IO types
*** Clocking Loads column represents load cell count that are clock resources (global clock buffer, MMCM, PLL, etc)
**** GT Loads column represents load cell count of GT types


+----+----+----+----+--------+-----------------------+
|    | X0 | X1 | X2 | X3     | HORIZONTAL PROG DELAY |
+----+----+----+----+--------+-----------------------+
| Y6 |  0 |  0 |  0 |      0 |                     - |
| Y5 |  0 |  0 |  0 |      0 |                     - |
| Y4 |  0 |  0 |  0 |    317 |                     0 |
| Y3 |  0 |  0 |  0 |  (D) 1 |                     1 |
| Y2 |  0 |  0 |  0 | (R) 14 |                     1 |
| Y1 |  0 |  0 |  0 |    145 |                     0 |
| Y0 |  0 |  0 |  0 |      0 |                     - |
+----+----+----+----+--------+-----------------------+


13. Device Cell Placement Summary for Global Clock g4
-----------------------------------------------------

+-----------+-----------------+-------------------+----------------------+-------------+----------------+----------+-------------+----------+----------------+----------+-------------------------+
| Global Id | Driver Type/Pin | Driver Region (D) | Clock                | Period (ns) | Waveform (ns)  | Root (R) | Slice Loads | IO Loads | Clocking Loads | GT Loads | Net                     |
+-----------+-----------------+-------------------+----------------------+-------------+----------------+----------+-------------+----------+----------------+----------+-------------------------+
| g4        | BUFGCE/O        | X3Y0              | clk_out1_clk_wiz_sys |      64.000 | {0.000 32.000} | X2Y2     |         359 |        0 |              0 |        0 | u_clk_wiz/inst/clk_out1 |
+-----------+-----------------+-------------------+----------------------+-------------+----------------+----------+-------------+----------+----------------+----------+-------------------------+
* Slice Loads column represents load cell count of all cell types other than IO, GT and clock resources
** IO Loads column represents load cell count of IO types
*** Clocking Loads column represents load cell count that are clock resources (global clock buffer, MMCM, PLL, etc)
**** GT Loads column represents load cell count of GT types


+----+----+----+-------+--------+-----------------------+
|    | X0 | X1 | X2    | X3     | HORIZONTAL PROG DELAY |
+----+----+----+-------+--------+-----------------------+
| Y6 |  0 |  0 |     0 |      0 |                     - |
| Y5 |  0 |  0 |     0 |      0 |                     - |
| Y4 |  0 |  0 |     9 |    344 |                     1 |
| Y3 |  0 |  0 |     0 |      0 |                     - |
| Y2 |  0 |  0 | (R) 0 |      0 |                     - |
| Y1 |  0 |  3 |     0 |      0 |                     1 |
| Y0 |  0 |  3 |     0 |  (D) 0 |                     0 |
+----+----+----+-------+--------+-----------------------+


14. Device Cell Placement Summary for Global Clock g5
-----------------------------------------------------

+-----------+-----------------+-------------------+-------+-------------+---------------+----------+-------------+----------+----------------+----------+----------------------------------------------------------------------+
| Global Id | Driver Type/Pin | Driver Region (D) | Clock | Period (ns) | Waveform (ns) | Root (R) | Slice Loads | IO Loads | Clocking Loads | GT Loads | Net                                                                  |
+-----------+-----------------+-------------------+-------+-------------+---------------+----------+-------------+----------+----------------+----------+----------------------------------------------------------------------+
| g5        | BUFGCE/O        | X3Y3              |       |             |               | X3Y3     |        2167 |        0 |              0 |        0 | u_ber_calc/U0/i_synth/i_has_aresetn.i_reg_reset/opt_has_pipe.first_q |
+-----------+-----------------+-------------------+-------+-------------+---------------+----------+-------------+----------+----------------+----------+----------------------------------------------------------------------+
* Slice Loads column represents load cell count of all cell types other than IO, GT and clock resources
** IO Loads column represents load cell count of IO types
*** Clocking Loads column represents load cell count that are clock resources (global clock buffer, MMCM, PLL, etc)
**** GT Loads column represents load cell count of GT types


+----+------+-------+----+-----------+-----------------------+
|    | X0   | X1    | X2 | X3        | HORIZONTAL PROG DELAY |
+----+------+-------+----+-----------+-----------------------+
| Y6 |    0 |     0 |  0 |         0 |                     - |
| Y5 |    0 |     0 |  0 |         0 |                     - |
| Y4 |  360 |  1807 |  0 |         0 |                     0 |
| Y3 |    0 |     0 |  0 | (R) (D) 0 |                     - |
| Y2 |    0 |     0 |  0 |         0 |                     - |
| Y1 |    0 |     0 |  0 |         0 |                     - |
| Y0 |    0 |     0 |  0 |         0 |                     - |
+----+------+-------+----+-----------+-----------------------+


15. Clock Region Cell Placement per Global Clock: Region X1Y0
-------------------------------------------------------------

+-----------+-------+-----------------+------------+-------------+-----------------+------+-------------+------+------+-----+----+------+-----+---------+-------------------------+
| Global Id | Track | Driver Type/Pin | Constraint | Clock Loads | Non-Clock Loads | FF   | Memory LUTs | RAMB | URAM | DSP | GT | MMCM | PLL | Hard IP | Net                     |
+-----------+-------+-----------------+------------+-------------+-----------------+------+-------------+------+------+-----+----+------+-----+---------+-------------------------+
| g0        | 22    | BUFGCE/O        | None       |        1129 |               0 | 1066 |          43 |   20 |    0 |   0 |  0 |    0 |   0 |       0 | u_clk_wiz/inst/clk_out2 |
| g1        | 17    | BUFG_GT/O       | None       |           6 |               0 |    6 |           0 |    0 |    0 |   0 |  0 |    0 |   0 |       0 | u_gth_raw/o_tx_clk      |
| g2        | 6     | BUFG_GT/O       | None       |           6 |               0 |    6 |           0 |    0 |    0 |   0 |  0 |    0 |   0 |       0 | u_gth_raw/o_rx_clk      |
| g4        | 23    | BUFGCE/O        | None       |           3 |               0 |    3 |           0 |    0 |    0 |   0 |  0 |    0 |   0 |       0 | u_clk_wiz/inst/clk_out1 |
+-----------+-------+-----------------+------------+-------------+-----------------+------+-------------+------+------+-----+----+------+-----+---------+-------------------------+
* Clock Loads column represents cell count of net connects that connect to a clock pin. Internal cell leaf pins are not considered
** Non-Clock Loads column represents cell count of non-clock pin loads
*** Columns FF, LUTRAM, RAMB through 'Hard IP' represents load cell counts


16. Clock Region Cell Placement per Global Clock: Region X2Y0
-------------------------------------------------------------

+-----------+-------+-----------------+------------+-------------+-----------------+----+-------------+------+------+-----+----+------+-----+---------+-------------------------+
| Global Id | Track | Driver Type/Pin | Constraint | Clock Loads | Non-Clock Loads | FF | Memory LUTs | RAMB | URAM | DSP | GT | MMCM | PLL | Hard IP | Net                     |
+-----------+-------+-----------------+------------+-------------+-----------------+----+-------------+------+------+-----+----+------+-----+---------+-------------------------+
| g0        | 22    | BUFGCE/O        | None       |          16 |               0 |  0 |           0 |   16 |    0 |   0 |  0 |    0 |   0 |       0 | u_clk_wiz/inst/clk_out2 |
| g1+       | 17    | BUFG_GT/O       | None       |           0 |               0 |  0 |           0 |    0 |    0 |   0 |  0 |    0 |   0 |       0 | u_gth_raw/o_tx_clk      |
| g2+       | 6     | BUFG_GT/O       | None       |           0 |               0 |  0 |           0 |    0 |    0 |   0 |  0 |    0 |   0 |       0 | u_gth_raw/o_rx_clk      |
| g4+       | 23    | BUFGCE/O        | None       |           0 |               0 |  0 |           0 |    0 |    0 |   0 |  0 |    0 |   0 |       0 | u_clk_wiz/inst/clk_out1 |
+-----------+-------+-----------------+------------+-------------+-----------------+----+-------------+------+------+-----+----+------+-----+---------+-------------------------+
* Clock Loads column represents cell count of net connects that connect to a clock pin. Internal cell leaf pins are not considered
** Non-Clock Loads column represents cell count of non-clock pin loads
*** Columns FF, LUTRAM, RAMB through 'Hard IP' represents load cell counts
**** In Global Id column, sympbol '+' indicates that global clock was used only to route through the clock region.


17. Clock Region Cell Placement per Global Clock: Region X3Y0
-------------------------------------------------------------

+-----------+-------+-----------------+------------+-------------+-----------------+----+-------------+------+------+-----+----+------+-----+---------+-------------------------+
| Global Id | Track | Driver Type/Pin | Constraint | Clock Loads | Non-Clock Loads | FF | Memory LUTs | RAMB | URAM | DSP | GT | MMCM | PLL | Hard IP | Net                     |
+-----------+-------+-----------------+------------+-------------+-----------------+----+-------------+------+------+-----+----+------+-----+---------+-------------------------+
| g0        | 22    | BUFGCE/O        | None       |          16 |               0 |  0 |           0 |   16 |    0 |   0 |  0 |    0 |   0 |       0 | u_clk_wiz/inst/clk_out2 |
| g4+       | 23    | BUFGCE/O        | None       |           0 |               0 |  0 |           0 |    0 |    0 |   0 |  0 |    0 |   0 |       0 | u_clk_wiz/inst/clk_out1 |
+-----------+-------+-----------------+------------+-------------+-----------------+----+-------------+------+------+-----+----+------+-----+---------+-------------------------+
* Clock Loads column represents cell count of net connects that connect to a clock pin. Internal cell leaf pins are not considered
** Non-Clock Loads column represents cell count of non-clock pin loads
*** Columns FF, LUTRAM, RAMB through 'Hard IP' represents load cell counts
**** In Global Id column, sympbol '+' indicates that global clock was used only to route through the clock region.


18. Clock Region Cell Placement per Global Clock: Region X1Y1
-------------------------------------------------------------

+-----------+-------+-----------------+------------+-------------+-----------------+----+-------------+------+------+-----+----+------+-----+---------+-------------------------+
| Global Id | Track | Driver Type/Pin | Constraint | Clock Loads | Non-Clock Loads | FF | Memory LUTs | RAMB | URAM | DSP | GT | MMCM | PLL | Hard IP | Net                     |
+-----------+-------+-----------------+------------+-------------+-----------------+----+-------------+------+------+-----+----+------+-----+---------+-------------------------+
| g0        | 22    | BUFGCE/O        | None       |          51 |               0 | 18 |           9 |   24 |    0 |   0 |  0 |    0 |   0 |       0 | u_clk_wiz/inst/clk_out2 |
| g4        | 23    | BUFGCE/O        | None       |           3 |               0 |  3 |           0 |    0 |    0 |   0 |  0 |    0 |   0 |       0 | u_clk_wiz/inst/clk_out1 |
+-----------+-------+-----------------+------------+-------------+-----------------+----+-------------+------+------+-----+----+------+-----+---------+-------------------------+
* Clock Loads column represents cell count of net connects that connect to a clock pin. Internal cell leaf pins are not considered
** Non-Clock Loads column represents cell count of non-clock pin loads
*** Columns FF, LUTRAM, RAMB through 'Hard IP' represents load cell counts


19. Clock Region Cell Placement per Global Clock: Region X2Y1
-------------------------------------------------------------

+-----------+-------+-----------------+------------+-------------+-----------------+----+-------------+------+------+-----+----+------+-----+---------+-------------------------+
| Global Id | Track | Driver Type/Pin | Constraint | Clock Loads | Non-Clock Loads | FF | Memory LUTs | RAMB | URAM | DSP | GT | MMCM | PLL | Hard IP | Net                     |
+-----------+-------+-----------------+------------+-------------+-----------------+----+-------------+------+------+-----+----+------+-----+---------+-------------------------+
| g0        | 22    | BUFGCE/O        | None       |          14 |               0 |  0 |           0 |   14 |    0 |   0 |  0 |    0 |   0 |       0 | u_clk_wiz/inst/clk_out2 |
| g1+       | 17    | BUFG_GT/O       | None       |           0 |               0 |  0 |           0 |    0 |    0 |   0 |  0 |    0 |   0 |       0 | u_gth_raw/o_tx_clk      |
| g2+       | 6     | BUFG_GT/O       | None       |           0 |               0 |  0 |           0 |    0 |    0 |   0 |  0 |    0 |   0 |       0 | u_gth_raw/o_rx_clk      |
| g4+       | 23    | BUFGCE/O        | None       |           0 |               0 |  0 |           0 |    0 |    0 |   0 |  0 |    0 |   0 |       0 | u_clk_wiz/inst/clk_out1 |
+-----------+-------+-----------------+------------+-------------+-----------------+----+-------------+------+------+-----+----+------+-----+---------+-------------------------+
* Clock Loads column represents cell count of net connects that connect to a clock pin. Internal cell leaf pins are not considered
** Non-Clock Loads column represents cell count of non-clock pin loads
*** Columns FF, LUTRAM, RAMB through 'Hard IP' represents load cell counts
**** In Global Id column, sympbol '+' indicates that global clock was used only to route through the clock region.


20. Clock Region Cell Placement per Global Clock: Region X3Y1
-------------------------------------------------------------

+-----------+-------+-----------------+------------+-------------+-----------------+-----+-------------+------+------+-----+----+------+-----+---------+----------------------------------------+
| Global Id | Track | Driver Type/Pin | Constraint | Clock Loads | Non-Clock Loads | FF  | Memory LUTs | RAMB | URAM | DSP | GT | MMCM | PLL | Hard IP | Net                                    |
+-----------+-------+-----------------+------------+-------------+-----------------+-----+-------------+------+------+-----+----+------+-----+---------+----------------------------------------+
| g0        | 22    | BUFGCE/O        | None       |           8 |               0 |   0 |           0 |    8 |    0 |   0 |  0 |    0 |   0 |       0 | u_clk_wiz/inst/clk_out2                |
| g3        | 20    | BUFGCE/O        | None       |         145 |               0 | 145 |           0 |    0 |    0 |   0 |  0 |    0 |   0 |       0 | dbg_hub/inst/BSCANID.u_xsdbm_id/itck_i |
+-----------+-------+-----------------+------------+-------------+-----------------+-----+-------------+------+------+-----+----+------+-----+---------+----------------------------------------+
* Clock Loads column represents cell count of net connects that connect to a clock pin. Internal cell leaf pins are not considered
** Non-Clock Loads column represents cell count of non-clock pin loads
*** Columns FF, LUTRAM, RAMB through 'Hard IP' represents load cell counts


21. Clock Region Cell Placement per Global Clock: Region X1Y2
-------------------------------------------------------------

+-----------+-------+-----------------+------------+-------------+-----------------+----+-------------+------+------+-----+----+------+-----+---------+-------------------------+
| Global Id | Track | Driver Type/Pin | Constraint | Clock Loads | Non-Clock Loads | FF | Memory LUTs | RAMB | URAM | DSP | GT | MMCM | PLL | Hard IP | Net                     |
+-----------+-------+-----------------+------------+-------------+-----------------+----+-------------+------+------+-----+----+------+-----+---------+-------------------------+
| g0        | 22    | BUFGCE/O        | None       |          92 |               0 | 67 |           1 |   24 |    0 |   0 |  0 |    0 |   0 |       0 | u_clk_wiz/inst/clk_out2 |
+-----------+-------+-----------------+------------+-------------+-----------------+----+-------------+------+------+-----+----+------+-----+---------+-------------------------+
* Clock Loads column represents cell count of net connects that connect to a clock pin. Internal cell leaf pins are not considered
** Non-Clock Loads column represents cell count of non-clock pin loads
*** Columns FF, LUTRAM, RAMB through 'Hard IP' represents load cell counts


22. Clock Region Cell Placement per Global Clock: Region X2Y2
-------------------------------------------------------------

+-----------+-------+-----------------+------------+-------------+-----------------+----+-------------+------+------+-----+----+------+-----+---------+-------------------------+
| Global Id | Track | Driver Type/Pin | Constraint | Clock Loads | Non-Clock Loads | FF | Memory LUTs | RAMB | URAM | DSP | GT | MMCM | PLL | Hard IP | Net                     |
+-----------+-------+-----------------+------------+-------------+-----------------+----+-------------+------+------+-----+----+------+-----+---------+-------------------------+
| g0        | 22    | BUFGCE/O        | None       |          22 |               0 |  1 |           0 |   21 |    0 |   0 |  0 |    0 |   0 |       0 | u_clk_wiz/inst/clk_out2 |
| g1+       | 17    | BUFG_GT/O       | None       |           0 |               0 |  0 |           0 |    0 |    0 |   0 |  0 |    0 |   0 |       0 | u_gth_raw/o_tx_clk      |
| g2+       | 6     | BUFG_GT/O       | None       |           0 |               0 |  0 |           0 |    0 |    0 |   0 |  0 |    0 |   0 |       0 | u_gth_raw/o_rx_clk      |
| g4+       | 23    | BUFGCE/O        | None       |           0 |               0 |  0 |           0 |    0 |    0 |   0 |  0 |    0 |   0 |       0 | u_clk_wiz/inst/clk_out1 |
+-----------+-------+-----------------+------------+-------------+-----------------+----+-------------+------+------+-----+----+------+-----+---------+-------------------------+
* Clock Loads column represents cell count of net connects that connect to a clock pin. Internal cell leaf pins are not considered
** Non-Clock Loads column represents cell count of non-clock pin loads
*** Columns FF, LUTRAM, RAMB through 'Hard IP' represents load cell counts
**** In Global Id column, sympbol '+' indicates that global clock was used only to route through the clock region.


23. Clock Region Cell Placement per Global Clock: Region X3Y2
-------------------------------------------------------------

+-----------+-------+-----------------+------------+-------------+-----------------+-----+-------------+------+------+-----+----+------+-----+---------+----------------------------------------+
| Global Id | Track | Driver Type/Pin | Constraint | Clock Loads | Non-Clock Loads | FF  | Memory LUTs | RAMB | URAM | DSP | GT | MMCM | PLL | Hard IP | Net                                    |
+-----------+-------+-----------------+------------+-------------+-----------------+-----+-------------+------+------+-----+----+------+-----+---------+----------------------------------------+
| g0        | 22    | BUFGCE/O        | None       |         395 |               0 | 379 |           0 |   16 |    0 |   0 |  0 |    0 |   0 |       0 | u_clk_wiz/inst/clk_out2                |
| g3        | 20    | BUFGCE/O        | None       |          14 |               0 |  14 |           0 |    0 |    0 |   0 |  0 |    0 |   0 |       0 | dbg_hub/inst/BSCANID.u_xsdbm_id/itck_i |
+-----------+-------+-----------------+------------+-------------+-----------------+-----+-------------+------+------+-----+----+------+-----+---------+----------------------------------------+
* Clock Loads column represents cell count of net connects that connect to a clock pin. Internal cell leaf pins are not considered
** Non-Clock Loads column represents cell count of non-clock pin loads
*** Columns FF, LUTRAM, RAMB through 'Hard IP' represents load cell counts


24. Clock Region Cell Placement per Global Clock: Region X0Y3
-------------------------------------------------------------

+-----------+-------+-----------------+------------+-------------+-----------------+----+-------------+------+------+-----+----+------+-----+---------+-------------------------+
| Global Id | Track | Driver Type/Pin | Constraint | Clock Loads | Non-Clock Loads | FF | Memory LUTs | RAMB | URAM | DSP | GT | MMCM | PLL | Hard IP | Net                     |
+-----------+-------+-----------------+------------+-------------+-----------------+----+-------------+------+------+-----+----+------+-----+---------+-------------------------+
| g0        | 22    | BUFGCE/O        | None       |          39 |               0 |  0 |           0 |   39 |    0 |   0 |  0 |    0 |   0 |       0 | u_clk_wiz/inst/clk_out2 |
+-----------+-------+-----------------+------------+-------------+-----------------+----+-------------+------+------+-----+----+------+-----+---------+-------------------------+
* Clock Loads column represents cell count of net connects that connect to a clock pin. Internal cell leaf pins are not considered
** Non-Clock Loads column represents cell count of non-clock pin loads
*** Columns FF, LUTRAM, RAMB through 'Hard IP' represents load cell counts


25. Clock Region Cell Placement per Global Clock: Region X1Y3
-------------------------------------------------------------

+-----------+-------+-----------------+------------+-------------+-----------------+-----+-------------+------+------+-----+----+------+-----+---------+-------------------------+
| Global Id | Track | Driver Type/Pin | Constraint | Clock Loads | Non-Clock Loads | FF  | Memory LUTs | RAMB | URAM | DSP | GT | MMCM | PLL | Hard IP | Net                     |
+-----------+-------+-----------------+------------+-------------+-----------------+-----+-------------+------+------+-----+----+------+-----+---------+-------------------------+
| g0        | 22    | BUFGCE/O        | None       |         404 |               0 | 363 |           4 |   37 |    0 |   0 |  0 |    0 |   0 |       0 | u_clk_wiz/inst/clk_out2 |
+-----------+-------+-----------------+------------+-------------+-----------------+-----+-------------+------+------+-----+----+------+-----+---------+-------------------------+
* Clock Loads column represents cell count of net connects that connect to a clock pin. Internal cell leaf pins are not considered
** Non-Clock Loads column represents cell count of non-clock pin loads
*** Columns FF, LUTRAM, RAMB through 'Hard IP' represents load cell counts


26. Clock Region Cell Placement per Global Clock: Region X2Y3
-------------------------------------------------------------

+-----------+-------+-----------------+------------+-------------+-----------------+----+-------------+------+------+-----+----+------+-----+---------+-------------------------+
| Global Id | Track | Driver Type/Pin | Constraint | Clock Loads | Non-Clock Loads | FF | Memory LUTs | RAMB | URAM | DSP | GT | MMCM | PLL | Hard IP | Net                     |
+-----------+-------+-----------------+------------+-------------+-----------------+----+-------------+------+------+-----+----+------+-----+---------+-------------------------+
| g0        | 22    | BUFGCE/O        | None       |          27 |               0 |  3 |           0 |   24 |    0 |   0 |  0 |    0 |   0 |       0 | u_clk_wiz/inst/clk_out2 |
| g1+       | 17    | BUFG_GT/O       | None       |           0 |               0 |  0 |           0 |    0 |    0 |   0 |  0 |    0 |   0 |       0 | u_gth_raw/o_tx_clk      |
| g2+       | 6     | BUFG_GT/O       | None       |           0 |               0 |  0 |           0 |    0 |    0 |   0 |  0 |    0 |   0 |       0 | u_gth_raw/o_rx_clk      |
| g4+       | 23    | BUFGCE/O        | None       |           0 |               0 |  0 |           0 |    0 |    0 |   0 |  0 |    0 |   0 |       0 | u_clk_wiz/inst/clk_out1 |
+-----------+-------+-----------------+------------+-------------+-----------------+----+-------------+------+------+-----+----+------+-----+---------+-------------------------+
* Clock Loads column represents cell count of net connects that connect to a clock pin. Internal cell leaf pins are not considered
** Non-Clock Loads column represents cell count of non-clock pin loads
*** Columns FF, LUTRAM, RAMB through 'Hard IP' represents load cell counts
**** In Global Id column, sympbol '+' indicates that global clock was used only to route through the clock region.


27. Clock Region Cell Placement per Global Clock: Region X3Y3
-------------------------------------------------------------

+-----------+-------+-----------------+------------+-------------+-----------------+------+-------------+------+------+-----+----+------+-----+---------+----------------------------------------------------------------------+
| Global Id | Track | Driver Type/Pin | Constraint | Clock Loads | Non-Clock Loads | FF   | Memory LUTs | RAMB | URAM | DSP | GT | MMCM | PLL | Hard IP | Net                                                                  |
+-----------+-------+-----------------+------------+-------------+-----------------+------+-------------+------+------+-----+----+------+-----+---------+----------------------------------------------------------------------+
| g0        | 22    | BUFGCE/O        | None       |        1901 |               0 | 1850 |          33 |   18 |    0 |   0 |  0 |    0 |   0 |       0 | u_clk_wiz/inst/clk_out2                                              |
| g2        | 6     | BUFG_GT/O       | None       |         514 |               0 |  473 |          38 |    3 |    0 |   0 |  0 |    0 |   0 |       0 | u_gth_raw/o_rx_clk                                                   |
| g3        | 20    | BUFGCE/O        | None       |           1 |               0 |    1 |           0 |    0 |    0 |   0 |  0 |    0 |   0 |       0 | dbg_hub/inst/BSCANID.u_xsdbm_id/itck_i                               |
| g5+       | 2     | BUFGCE/O        | None       |           0 |               0 |    0 |           0 |    0 |    0 |   0 |  0 |    0 |   0 |       0 | u_ber_calc/U0/i_synth/i_has_aresetn.i_reg_reset/opt_has_pipe.first_q |
+-----------+-------+-----------------+------------+-------------+-----------------+------+-------------+------+------+-----+----+------+-----+---------+----------------------------------------------------------------------+
* Clock Loads column represents cell count of net connects that connect to a clock pin. Internal cell leaf pins are not considered
** Non-Clock Loads column represents cell count of non-clock pin loads
*** Columns FF, LUTRAM, RAMB through 'Hard IP' represents load cell counts
**** In Global Id column, sympbol '+' indicates that global clock was used only to route through the clock region.


28. Clock Region Cell Placement per Global Clock: Region X0Y4
-------------------------------------------------------------

+-----------+-------+-----------------+------------+-------------+-----------------+-----+-------------+------+------+-----+----+------+-----+---------+----------------------------------------------------------------------+
| Global Id | Track | Driver Type/Pin | Constraint | Clock Loads | Non-Clock Loads | FF  | Memory LUTs | RAMB | URAM | DSP | GT | MMCM | PLL | Hard IP | Net                                                                  |
+-----------+-------+-----------------+------------+-------------+-----------------+-----+-------------+------+------+-----+----+------+-----+---------+----------------------------------------------------------------------+
| g0        | 22    | BUFGCE/O        | None       |         641 |               0 | 592 |           7 |   42 |    0 |   0 |  0 |    0 |   0 |       0 | u_clk_wiz/inst/clk_out2                                              |
| g5        | 2     | BUFGCE/O        | None       |           0 |             360 | 360 |           0 |    0 |    0 |   0 |  0 |    0 |   0 |       0 | u_ber_calc/U0/i_synth/i_has_aresetn.i_reg_reset/opt_has_pipe.first_q |
+-----------+-------+-----------------+------------+-------------+-----------------+-----+-------------+------+------+-----+----+------+-----+---------+----------------------------------------------------------------------+
* Clock Loads column represents cell count of net connects that connect to a clock pin. Internal cell leaf pins are not considered
** Non-Clock Loads column represents cell count of non-clock pin loads
*** Columns FF, LUTRAM, RAMB through 'Hard IP' represents load cell counts


29. Clock Region Cell Placement per Global Clock: Region X1Y4
-------------------------------------------------------------

+-----------+-------+-----------------+------------+-------------+-----------------+------+-------------+------+------+-----+----+------+-----+---------+----------------------------------------------------------------------+
| Global Id | Track | Driver Type/Pin | Constraint | Clock Loads | Non-Clock Loads | FF   | Memory LUTs | RAMB | URAM | DSP | GT | MMCM | PLL | Hard IP | Net                                                                  |
+-----------+-------+-----------------+------------+-------------+-----------------+------+-------------+------+------+-----+----+------+-----+---------+----------------------------------------------------------------------+
| g0        | 22    | BUFGCE/O        | None       |        4942 |               0 | 4634 |         272 |   36 |    0 |   0 |  0 |    0 |   0 |       0 | u_clk_wiz/inst/clk_out2                                              |
| g5        | 2     | BUFGCE/O        | None       |           0 |            1807 | 1807 |           0 |    0 |    0 |   0 |  0 |    0 |   0 |       0 | u_ber_calc/U0/i_synth/i_has_aresetn.i_reg_reset/opt_has_pipe.first_q |
+-----------+-------+-----------------+------------+-------------+-----------------+------+-------------+------+------+-----+----+------+-----+---------+----------------------------------------------------------------------+
* Clock Loads column represents cell count of net connects that connect to a clock pin. Internal cell leaf pins are not considered
** Non-Clock Loads column represents cell count of non-clock pin loads
*** Columns FF, LUTRAM, RAMB through 'Hard IP' represents load cell counts


30. Clock Region Cell Placement per Global Clock: Region X2Y4
-------------------------------------------------------------

+-----------+-------+-----------------+------------+-------------+-----------------+----+-------------+------+------+-----+----+------+-----+---------+----------------------------------------------------------------------+
| Global Id | Track | Driver Type/Pin | Constraint | Clock Loads | Non-Clock Loads | FF | Memory LUTs | RAMB | URAM | DSP | GT | MMCM | PLL | Hard IP | Net                                                                  |
+-----------+-------+-----------------+------------+-------------+-----------------+----+-------------+------+------+-----+----+------+-----+---------+----------------------------------------------------------------------+
| g0        | 22    | BUFGCE/O        | None       |          22 |               0 |  1 |           0 |   21 |    0 |   0 |  0 |    0 |   0 |       0 | u_clk_wiz/inst/clk_out2                                              |
| g1+       | 17    | BUFG_GT/O       | None       |           0 |               0 |  0 |           0 |    0 |    0 |   0 |  0 |    0 |   0 |       0 | u_gth_raw/o_tx_clk                                                   |
| g2+       | 6     | BUFG_GT/O       | None       |           0 |               0 |  0 |           0 |    0 |    0 |   0 |  0 |    0 |   0 |       0 | u_gth_raw/o_rx_clk                                                   |
| g4        | 23    | BUFGCE/O        | None       |           9 |               0 |  9 |           0 |    0 |    0 |   0 |  0 |    0 |   0 |       0 | u_clk_wiz/inst/clk_out1                                              |
| g5+       | 2     | BUFGCE/O        | None       |           0 |               0 |  0 |           0 |    0 |    0 |   0 |  0 |    0 |   0 |       0 | u_ber_calc/U0/i_synth/i_has_aresetn.i_reg_reset/opt_has_pipe.first_q |
+-----------+-------+-----------------+------------+-------------+-----------------+----+-------------+------+------+-----+----+------+-----+---------+----------------------------------------------------------------------+
* Clock Loads column represents cell count of net connects that connect to a clock pin. Internal cell leaf pins are not considered
** Non-Clock Loads column represents cell count of non-clock pin loads
*** Columns FF, LUTRAM, RAMB through 'Hard IP' represents load cell counts
**** In Global Id column, sympbol '+' indicates that global clock was used only to route through the clock region.


31. Clock Region Cell Placement per Global Clock: Region X3Y4
-------------------------------------------------------------

+-----------+-------+-----------------+------------+-------------+-----------------+------+-------------+------+------+-----+----+------+-----+---------+----------------------------------------------------------------------+
| Global Id | Track | Driver Type/Pin | Constraint | Clock Loads | Non-Clock Loads | FF   | Memory LUTs | RAMB | URAM | DSP | GT | MMCM | PLL | Hard IP | Net                                                                  |
+-----------+-------+-----------------+------------+-------------+-----------------+------+-------------+------+------+-----+----+------+-----+---------+----------------------------------------------------------------------+
| g0        | 22    | BUFGCE/O        | None       |        3395 |               0 | 3296 |          74 |   25 |    0 |   0 |  0 |    0 |   0 |       0 | u_clk_wiz/inst/clk_out2                                              |
| g1        | 17    | BUFG_GT/O       | None       |         649 |               0 |  567 |          76 |    5 |    0 |   0 |  1 |    0 |   0 |       0 | u_gth_raw/o_tx_clk                                                   |
| g2        | 6     | BUFG_GT/O       | None       |           1 |               0 |    0 |           0 |    0 |    0 |   0 |  1 |    0 |   0 |       0 | u_gth_raw/o_rx_clk                                                   |
| g3        | 20    | BUFGCE/O        | None       |         317 |               0 |  314 |           3 |    0 |    0 |   0 |  0 |    0 |   0 |       0 | dbg_hub/inst/BSCANID.u_xsdbm_id/itck_i                               |
| g4        | 23    | BUFGCE/O        | None       |         344 |               0 |  342 |           1 |    1 |    0 |   0 |  0 |    0 |   0 |       0 | u_clk_wiz/inst/clk_out1                                              |
| g5+       | 2     | BUFGCE/O        | None       |           0 |               0 |    0 |           0 |    0 |    0 |   0 |  0 |    0 |   0 |       0 | u_ber_calc/U0/i_synth/i_has_aresetn.i_reg_reset/opt_has_pipe.first_q |
+-----------+-------+-----------------+------------+-------------+-----------------+------+-------------+------+------+-----+----+------+-----+---------+----------------------------------------------------------------------+
* Clock Loads column represents cell count of net connects that connect to a clock pin. Internal cell leaf pins are not considered
** Non-Clock Loads column represents cell count of non-clock pin loads
*** Columns FF, LUTRAM, RAMB through 'Hard IP' represents load cell counts
**** In Global Id column, sympbol '+' indicates that global clock was used only to route through the clock region.


32. Clock Region Cell Placement per Global Clock: Region X0Y5
-------------------------------------------------------------

+-----------+-------+-----------------+------------+-------------+-----------------+----+-------------+------+------+-----+----+------+-----+---------+-------------------------+
| Global Id | Track | Driver Type/Pin | Constraint | Clock Loads | Non-Clock Loads | FF | Memory LUTs | RAMB | URAM | DSP | GT | MMCM | PLL | Hard IP | Net                     |
+-----------+-------+-----------------+------------+-------------+-----------------+----+-------------+------+------+-----+----+------+-----+---------+-------------------------+
| g0        | 22    | BUFGCE/O        | None       |          31 |               0 |  0 |           0 |   31 |    0 |   0 |  0 |    0 |   0 |       0 | u_clk_wiz/inst/clk_out2 |
+-----------+-------+-----------------+------------+-------------+-----------------+----+-------------+------+------+-----+----+------+-----+---------+-------------------------+
* Clock Loads column represents cell count of net connects that connect to a clock pin. Internal cell leaf pins are not considered
** Non-Clock Loads column represents cell count of non-clock pin loads
*** Columns FF, LUTRAM, RAMB through 'Hard IP' represents load cell counts


33. Clock Region Cell Placement per Global Clock: Region X1Y5
-------------------------------------------------------------

+-----------+-------+-----------------+------------+-------------+-----------------+-----+-------------+------+------+-----+----+------+-----+---------+-------------------------+
| Global Id | Track | Driver Type/Pin | Constraint | Clock Loads | Non-Clock Loads | FF  | Memory LUTs | RAMB | URAM | DSP | GT | MMCM | PLL | Hard IP | Net                     |
+-----------+-------+-----------------+------------+-------------+-----------------+-----+-------------+------+------+-----+----+------+-----+---------+-------------------------+
| g0        | 22    | BUFGCE/O        | None       |         235 |               0 | 207 |           0 |   28 |    0 |   0 |  0 |    0 |   0 |       0 | u_clk_wiz/inst/clk_out2 |
+-----------+-------+-----------------+------------+-------------+-----------------+-----+-------------+------+------+-----+----+------+-----+---------+-------------------------+
* Clock Loads column represents cell count of net connects that connect to a clock pin. Internal cell leaf pins are not considered
** Non-Clock Loads column represents cell count of non-clock pin loads
*** Columns FF, LUTRAM, RAMB through 'Hard IP' represents load cell counts


34. Clock Region Cell Placement per Global Clock: Region X2Y5
-------------------------------------------------------------

+-----------+-------+-----------------+------------+-------------+-----------------+------+-------------+------+------+-----+----+------+-----+---------+-------------------------+
| Global Id | Track | Driver Type/Pin | Constraint | Clock Loads | Non-Clock Loads | FF   | Memory LUTs | RAMB | URAM | DSP | GT | MMCM | PLL | Hard IP | Net                     |
+-----------+-------+-----------------+------------+-------------+-----------------+------+-------------+------+------+-----+----+------+-----+---------+-------------------------+
| g0        | 22    | BUFGCE/O        | None       |        3582 |               0 | 3566 |           0 |   16 |    0 |   0 |  0 |    0 |   0 |       0 | u_clk_wiz/inst/clk_out2 |
+-----------+-------+-----------------+------------+-------------+-----------------+------+-------------+------+------+-----+----+------+-----+---------+-------------------------+
* Clock Loads column represents cell count of net connects that connect to a clock pin. Internal cell leaf pins are not considered
** Non-Clock Loads column represents cell count of non-clock pin loads
*** Columns FF, LUTRAM, RAMB through 'Hard IP' represents load cell counts


35. Clock Region Cell Placement per Global Clock: Region X3Y5
-------------------------------------------------------------

+-----------+-------+-----------------+------------+-------------+-----------------+------+-------------+------+------+-----+----+------+-----+---------+-------------------------+
| Global Id | Track | Driver Type/Pin | Constraint | Clock Loads | Non-Clock Loads | FF   | Memory LUTs | RAMB | URAM | DSP | GT | MMCM | PLL | Hard IP | Net                     |
+-----------+-------+-----------------+------------+-------------+-----------------+------+-------------+------+------+-----+----+------+-----+---------+-------------------------+
| g0        | 22    | BUFGCE/O        | None       |        4647 |               0 | 4633 |           0 |   14 |    0 |   0 |  0 |    0 |   0 |       0 | u_clk_wiz/inst/clk_out2 |
+-----------+-------+-----------------+------------+-------------+-----------------+------+-------------+------+------+-----+----+------+-----+---------+-------------------------+
* Clock Loads column represents cell count of net connects that connect to a clock pin. Internal cell leaf pins are not considered
** Non-Clock Loads column represents cell count of non-clock pin loads
*** Columns FF, LUTRAM, RAMB through 'Hard IP' represents load cell counts


36. Clock Region Cell Placement per Global Clock: Region X0Y6
-------------------------------------------------------------

+-----------+-------+-----------------+------------+-------------+-----------------+----+-------------+------+------+-----+----+------+-----+---------+-------------------------+
| Global Id | Track | Driver Type/Pin | Constraint | Clock Loads | Non-Clock Loads | FF | Memory LUTs | RAMB | URAM | DSP | GT | MMCM | PLL | Hard IP | Net                     |
+-----------+-------+-----------------+------------+-------------+-----------------+----+-------------+------+------+-----+----+------+-----+---------+-------------------------+
| g0        | 22    | BUFGCE/O        | None       |          24 |               0 |  0 |           0 |   24 |    0 |   0 |  0 |    0 |   0 |       0 | u_clk_wiz/inst/clk_out2 |
+-----------+-------+-----------------+------------+-------------+-----------------+----+-------------+------+------+-----+----+------+-----+---------+-------------------------+
* Clock Loads column represents cell count of net connects that connect to a clock pin. Internal cell leaf pins are not considered
** Non-Clock Loads column represents cell count of non-clock pin loads
*** Columns FF, LUTRAM, RAMB through 'Hard IP' represents load cell counts


37. Clock Region Cell Placement per Global Clock: Region X1Y6
-------------------------------------------------------------

+-----------+-------+-----------------+------------+-------------+-----------------+----+-------------+------+------+-----+----+------+-----+---------+-------------------------+
| Global Id | Track | Driver Type/Pin | Constraint | Clock Loads | Non-Clock Loads | FF | Memory LUTs | RAMB | URAM | DSP | GT | MMCM | PLL | Hard IP | Net                     |
+-----------+-------+-----------------+------------+-------------+-----------------+----+-------------+------+------+-----+----+------+-----+---------+-------------------------+
| g0        | 22    | BUFGCE/O        | None       |          27 |               0 |  0 |           0 |   27 |    0 |   0 |  0 |    0 |   0 |       0 | u_clk_wiz/inst/clk_out2 |
+-----------+-------+-----------------+------------+-------------+-----------------+----+-------------+------+------+-----+----+------+-----+---------+-------------------------+
* Clock Loads column represents cell count of net connects that connect to a clock pin. Internal cell leaf pins are not considered
** Non-Clock Loads column represents cell count of non-clock pin loads
*** Columns FF, LUTRAM, RAMB through 'Hard IP' represents load cell counts


38. Clock Region Cell Placement per Global Clock: Region X2Y6
-------------------------------------------------------------

+-----------+-------+-----------------+------------+-------------+-----------------+------+-------------+------+------+-----+----+------+-----+---------+-------------------------+
| Global Id | Track | Driver Type/Pin | Constraint | Clock Loads | Non-Clock Loads | FF   | Memory LUTs | RAMB | URAM | DSP | GT | MMCM | PLL | Hard IP | Net                     |
+-----------+-------+-----------------+------------+-------------+-----------------+------+-------------+------+------+-----+----+------+-----+---------+-------------------------+
| g0        | 22    | BUFGCE/O        | None       |        3589 |               0 | 3573 |           0 |   16 |    0 |   0 |  0 |    0 |   0 |       0 | u_clk_wiz/inst/clk_out2 |
+-----------+-------+-----------------+------------+-------------+-----------------+------+-------------+------+------+-----+----+------+-----+---------+-------------------------+
* Clock Loads column represents cell count of net connects that connect to a clock pin. Internal cell leaf pins are not considered
** Non-Clock Loads column represents cell count of non-clock pin loads
*** Columns FF, LUTRAM, RAMB through 'Hard IP' represents load cell counts


39. Clock Region Cell Placement per Global Clock: Region X3Y6
-------------------------------------------------------------

+-----------+-------+-----------------+------------+-------------+-----------------+------+-------------+------+------+-----+----+------+-----+---------+-------------------------+
| Global Id | Track | Driver Type/Pin | Constraint | Clock Loads | Non-Clock Loads | FF   | Memory LUTs | RAMB | URAM | DSP | GT | MMCM | PLL | Hard IP | Net                     |
+-----------+-------+-----------------+------------+-------------+-----------------+------+-------------+------+------+-----+----+------+-----+---------+-------------------------+
| g0        | 22    | BUFGCE/O        | None       |        5140 |               0 | 5132 |           0 |    8 |    0 |   0 |  0 |    0 |   0 |       0 | u_clk_wiz/inst/clk_out2 |
+-----------+-------+-----------------+------------+-------------+-----------------+------+-------------+------+------+-----+----+------+-----+---------+-------------------------+
* Clock Loads column represents cell count of net connects that connect to a clock pin. Internal cell leaf pins are not considered
** Non-Clock Loads column represents cell count of non-clock pin loads
*** Columns FF, LUTRAM, RAMB through 'Hard IP' represents load cell counts


